// Jest Snapshot v1, https://goo.gl/fbAQLP

exports[`vmap extractInterstitialFromVmapAdbreak 1`] = `
[
  {
    "assetId": "212880b4-bc28-5194-a9a8-81203c6203f4",
    "timeOffset": 0,
  },
]
`;

exports[`vmap extractInterstitialFromVmapAdbreak transcode 1`] = `
{
  "assetId": "212880b4-bc28-5194-a9a8-81203c6203f4",
  "inputs": [
    {
      "path": "https://ad",
      "type": "video",
    },
    {
      "language": "eng",
      "path": "https://ad",
      "type": "audio",
    },
  ],
  "package": true,
  "segmentSize": 4,
  "streams": [
    {
      "bitrate": 1500000,
      "codec": "h264",
      "framerate": 24,
      "height": 480,
      "type": "video",
    },
    {
      "bitrate": 128000,
      "codec": "aac",
      "language": "eng",
      "type": "audio",
    },
  ],
  "tag": "ad",
}
`;
